{
  "version": "1.5.0",
  "plugins_used": [
    {
      "name": "ArtifactoryDetector"
    },
    {
      "name": "AWSKeyDetector"
    },
    {
      "name": "AzureStorageKeyDetector"
    },
    {
      "name": "Base64HighEntropyString",
      "limit": 4.5
    },
    {
      "name": "BasicAuthDetector"
    },
    {
      "name": "CloudantDetector"
    },
    {
      "name": "DiscordBotTokenDetector"
    },
    {
      "name": "GitHubTokenDetector"
    },
    {
      "name": "GitLabTokenDetector"
    },
    {
      "name": "HexHighEntropyString",
      "limit": 3.0
    },
    {
      "name": "IbmCloudIamDetector"
    },
    {
      "name": "IbmCosHmacDetector"
    },
    {
      "name": "IPPublicDetector"
    },
    {
      "name": "JwtTokenDetector"
    },
    {
      "name": "KeywordDetector",
      "keyword_exclude": ""
    },
    {
      "name": "MailchimpDetector"
    },
    {
      "name": "NpmDetector"
    },
    {
      "name": "OpenAIDetector"
    },
    {
      "name": "PrivateKeyDetector"
    },
    {
      "name": "PypiTokenDetector"
    },
    {
      "name": "SendGridDetector"
    },
    {
      "name": "SlackDetector"
    },
    {
      "name": "SoftlayerDetector"
    },
    {
      "name": "SquareOAuthDetector"
    },
    {
      "name": "StripeDetector"
    },
    {
      "name": "TelegramBotTokenDetector"
    },
    {
      "name": "TwilioKeyDetector"
    }
  ],
  "filters_used": [
    {
      "path": "detect_secrets.filters.allowlist.is_line_allowlisted"
    },
    {
      "path": "detect_secrets.filters.common.is_baseline_file",
      "filename": ".secrets.baseline"
    },
    {
      "path": "detect_secrets.filters.heuristic.is_indirect_reference"
    },
    {
      "path": "detect_secrets.filters.heuristic.is_likely_id_string"
    },
    {
      "path": "detect_secrets.filters.heuristic.is_lock_file"
    },
    {
      "path": "detect_secrets.filters.heuristic.is_not_alphanumeric_string"
    },
    {
      "path": "detect_secrets.filters.heuristic.is_potential_uuid"
    },
    {
      "path": "detect_secrets.filters.heuristic.is_prefixed_with_dollar_sign"
    },
    {
      "path": "detect_secrets.filters.heuristic.is_sequential_string"
    },
    {
      "path": "detect_secrets.filters.heuristic.is_swagger_file"
    },
    {
      "path": "detect_secrets.filters.heuristic.is_templated_secret"
    },
    {
      "path": "detect_secrets.filters.regex.should_exclude_file",
      "pattern": [
        "(^|/)(\\.secrets\\.baseline|\\.venv|\\.pytest_cache|\\.mypy_cache|\\.ruff_cache|\\.uterm-recordings|node_modules|dist|build|htmlcov)/?|^packages/provide-uterm-server/src/provide/uterm/server/frontend/assets/"
      ]
    }
  ],
  "results": {
    "demo/terminal.html": [
      {
        "type": "Base64 High Entropy String",
        "filename": "demo/terminal.html",
        "hashed_secret": "4ab1444db6ed3a871b6103a4d693ef8797a050fd",
        "is_verified": false,
        "line_number": 17
      },
      {
        "type": "Base64 High Entropy String",
        "filename": "demo/terminal.html",
        "hashed_secret": "e39c431fc4b3938823cda754d08356f3062a28a7",
        "is_verified": false,
        "line_number": 47
      },
      {
        "type": "Base64 High Entropy String",
        "filename": "demo/terminal.html",
        "hashed_secret": "b31cfa4650c32335792db66f005f9a8093bcfbf1",
        "is_verified": false,
        "line_number": 48
      }
    ],
    "packages/provide-uterm-annotation/tests/test_annotation_detector.py": [
      {
        "type": "AWS Access Key",
        "filename": "packages/provide-uterm-annotation/tests/test_annotation_detector.py",
        "hashed_secret": "25910f981e85ca04baf359199dd0bd4a3ae738b6",
        "is_verified": false,
        "line_number": 24
      }
    ],
    "packages/provide-uterm-annotation/tests/test_annotation_rules.py": [
      {
        "type": "AWS Access Key",
        "filename": "packages/provide-uterm-annotation/tests/test_annotation_rules.py",
        "hashed_secret": "25910f981e85ca04baf359199dd0bd4a3ae738b6",
        "is_verified": false,
        "line_number": 61
      },
      {
        "type": "Private Key",
        "filename": "packages/provide-uterm-annotation/tests/test_annotation_rules.py",
        "hashed_secret": "be4fc4886bd949b369d5e092eb87494f12e57e5b",
        "is_verified": false,
        "line_number": 93
      },
      {
        "type": "Private Key",
        "filename": "packages/provide-uterm-annotation/tests/test_annotation_rules.py",
        "hashed_secret": "27c6929aef41ae2bcadac15ca6abcaff72cda9cd",
        "is_verified": false,
        "line_number": 97
      }
    ],
    "packages/provide-uterm-client/tests/ai/test_mcp_session.py": [
      {
        "type": "Secret Keyword",
        "filename": "packages/provide-uterm-client/tests/ai/test_mcp_session.py",
        "hashed_secret": "9d4e1e23bd5b727046a9e3b4b7db57bd8d6ee684",
        "is_verified": false,
        "line_number": 218
      }
    ],
    "packages/provide-uterm-client/tests/client/test_hijack_client_security.py": [
      {
        "type": "Secret Keyword",
        "filename": "packages/provide-uterm-client/tests/client/test_hijack_client_security.py",
        "hashed_secret": "0c731a5f1dc781894b434c27b9f6a9cd9d9bdfcb",
        "is_verified": false,
        "line_number": 22
      }
    ],
    "packages/provide-uterm-cloudflare/tests/test_auth_jwt.py": [
      {
        "type": "Secret Keyword",
        "filename": "packages/provide-uterm-cloudflare/tests/test_auth_jwt.py",
        "hashed_secret": "088b8314a11bf3d2bca43aadc5a2d60e0f70158c",
        "is_verified": false,
        "line_number": 254
      }
    ],
    "packages/provide-uterm-cloudflare/tests/test_coverage2.py": [
      {
        "type": "Base64 High Entropy String",
        "filename": "packages/provide-uterm-cloudflare/tests/test_coverage2.py",
        "hashed_secret": "86817f10af848004c2c23087f93ffeb41987e836",
        "is_verified": false,
        "line_number": 137
      }
    ],
    "packages/provide-uterm-cloudflare/tests/test_profiles.py": [
      {
        "type": "Secret Keyword",
        "filename": "packages/provide-uterm-cloudflare/tests/test_profiles.py",
        "hashed_secret": "088b8314a11bf3d2bca43aadc5a2d60e0f70158c",
        "is_verified": false,
        "line_number": 273
      }
    ],
    "packages/provide-uterm-cloudflare/tests/test_webhooks_part1.py": [
      {
        "type": "Secret Keyword",
        "filename": "packages/provide-uterm-cloudflare/tests/test_webhooks_part1.py",
        "hashed_secret": "920a25ef686c4f7ca6ad23dd109d3ad653161832",
        "is_verified": false,
        "line_number": 70
      }
    ],
    "packages/provide-uterm-cloudflare/tests/test_webhooks_part2.py": [
      {
        "type": "Secret Keyword",
        "filename": "packages/provide-uterm-cloudflare/tests/test_webhooks_part2.py",
        "hashed_secret": "088b8314a11bf3d2bca43aadc5a2d60e0f70158c",
        "is_verified": false,
        "line_number": 102
      },
      {
        "type": "Secret Keyword",
        "filename": "packages/provide-uterm-cloudflare/tests/test_webhooks_part2.py",
        "hashed_secret": "e9fe51f94eadabf54dbf2fbbd57188b9abee436e",
        "is_verified": false,
        "line_number": 457
      }
    ],
    "packages/provide-uterm-cloudflare/wrangler.toml": [
      {
        "type": "Hex High Entropy String",
        "filename": "packages/provide-uterm-cloudflare/wrangler.toml",
        "hashed_secret": "b4dca972ea9a834df75ee95797e2570fcf3a194b",
        "is_verified": false,
        "line_number": 30
      }
    ],
    "packages/provide-uterm-frontend/hijack.html": [
      {
        "type": "Base64 High Entropy String",
        "filename": "packages/provide-uterm-frontend/hijack.html",
        "hashed_secret": "7331723853a655875ca670c8d058c0791ab9ebd1",
        "is_verified": false,
        "line_number": 8
      },
      {
        "type": "Base64 High Entropy String",
        "filename": "packages/provide-uterm-frontend/hijack.html",
        "hashed_secret": "9189a8b8604d47ddaf1ca4210984f618a9568861",
        "is_verified": false,
        "line_number": 50
      },
      {
        "type": "Base64 High Entropy String",
        "filename": "packages/provide-uterm-frontend/hijack.html",
        "hashed_secret": "4c1e672e02d82f95491792b153f2cd1ce2d73f85",
        "is_verified": false,
        "line_number": 51
      }
    ],
    "packages/provide-uterm-frontend/terminal.html": [
      {
        "type": "Base64 High Entropy String",
        "filename": "packages/provide-uterm-frontend/terminal.html",
        "hashed_secret": "7331723853a655875ca670c8d058c0791ab9ebd1",
        "is_verified": false,
        "line_number": 8
      },
      {
        "type": "Base64 High Entropy String",
        "filename": "packages/provide-uterm-frontend/terminal.html",
        "hashed_secret": "9189a8b8604d47ddaf1ca4210984f618a9568861",
        "is_verified": false,
        "line_number": 14
      },
      {
        "type": "Base64 High Entropy String",
        "filename": "packages/provide-uterm-frontend/terminal.html",
        "hashed_secret": "4c1e672e02d82f95491792b153f2cd1ce2d73f85",
        "is_verified": false,
        "line_number": 15
      },
      {
        "type": "Base64 High Entropy String",
        "filename": "packages/provide-uterm-frontend/terminal.html",
        "hashed_secret": "581ce777f37a0616aabf6efbe8da1c45aebf70e2",
        "is_verified": false,
        "line_number": 16
      }
    ],
    "packages/provide-uterm-platform/tests/manager/manager/test_ext_policy.py": [
      {
        "type": "Secret Keyword",
        "filename": "packages/provide-uterm-platform/tests/manager/manager/test_ext_policy.py",
        "hashed_secret": "e5e9fa1ba31ecd1ae84f75caaa474f3a663f05f4",
        "is_verified": false,
        "line_number": 106
      }
    ],
    "packages/provide-uterm-server/src/provide/uterm/server/webhooks.py": [
      {
        "type": "Secret Keyword",
        "filename": "packages/provide-uterm-server/src/provide/uterm/server/webhooks.py",
        "hashed_secret": "e9fe51f94eadabf54dbf2fbbd57188b9abee436e",
        "is_verified": false,
        "line_number": 15
      }
    ],
    "packages/provide-uterm-server/tests/bridge/hub/test_policy_metadata_principal.py": [
      {
        "type": "Secret Keyword",
        "filename": "packages/provide-uterm-server/tests/bridge/hub/test_policy_metadata_principal.py",
        "hashed_secret": "a6bf0a0e01efe836c52ef316f030bf50ac2f716c",
        "is_verified": false,
        "line_number": 49
      }
    ],
    "packages/provide-uterm-server/tests/bridge/test_annotation_integration.py": [
      {
        "type": "AWS Access Key",
        "filename": "packages/provide-uterm-server/tests/bridge/test_annotation_integration.py",
        "hashed_secret": "25910f981e85ca04baf359199dd0bd4a3ae738b6",
        "is_verified": false,
        "line_number": 61
      }
    ],
    "packages/provide-uterm-server/tests/bridge/test_redaction_defaults.py": [
      {
        "type": "AWS Access Key",
        "filename": "packages/provide-uterm-server/tests/bridge/test_redaction_defaults.py",
        "hashed_secret": "25910f981e85ca04baf359199dd0bd4a3ae738b6",
        "is_verified": false,
        "line_number": 23
      },
      {
        "type": "AWS Access Key",
        "filename": "packages/provide-uterm-server/tests/bridge/test_redaction_defaults.py",
        "hashed_secret": "33414068174ad408345154357676f77a18cf8981",
        "is_verified": false,
        "line_number": 24
      },
      {
        "type": "AWS Access Key",
        "filename": "packages/provide-uterm-server/tests/bridge/test_redaction_defaults.py",
        "hashed_secret": "4283ebd4fe8e41100063ee91ae46f317c02b8613",
        "is_verified": false,
        "line_number": 25
      },
      {
        "type": "AWS Access Key",
        "filename": "packages/provide-uterm-server/tests/bridge/test_redaction_defaults.py",
        "hashed_secret": "d70eab08607a4d05faa2d0d6647206599e9abc65",
        "is_verified": false,
        "line_number": 27
      },
      {
        "type": "Base64 High Entropy String",
        "filename": "packages/provide-uterm-server/tests/bridge/test_redaction_defaults.py",
        "hashed_secret": "d70eab08607a4d05faa2d0d6647206599e9abc65",
        "is_verified": false,
        "line_number": 27
      },
      {
        "type": "Secret Keyword",
        "filename": "packages/provide-uterm-server/tests/bridge/test_redaction_defaults.py",
        "hashed_secret": "d70eab08607a4d05faa2d0d6647206599e9abc65",
        "is_verified": false,
        "line_number": 27
      },
      {
        "type": "Base64 High Entropy String",
        "filename": "packages/provide-uterm-server/tests/bridge/test_redaction_defaults.py",
        "hashed_secret": "688a4f61f74e6321f68811ed8c6bb876e3d1f778",
        "is_verified": false,
        "line_number": 30
      },
      {
        "type": "GitHub Token",
        "filename": "packages/provide-uterm-server/tests/bridge/test_redaction_defaults.py",
        "hashed_secret": "e175c6f5f2a92e8623bd9a4820edb4e8c1b0fd10",
        "is_verified": false,
        "line_number": 30
      },
      {
        "type": "GitHub Token",
        "filename": "packages/provide-uterm-server/tests/bridge/test_redaction_defaults.py",
        "hashed_secret": "ba29d6bfac4cd7b866a3d05103c38031a921ba88",
        "is_verified": false,
        "line_number": 31
      },
      {
        "type": "GitHub Token",
        "filename": "packages/provide-uterm-server/tests/bridge/test_redaction_defaults.py",
        "hashed_secret": "e4055de792e64bf8433b9c794f2611cb65f4c487",
        "is_verified": false,
        "line_number": 32
      },
      {
        "type": "Base64 High Entropy String",
        "filename": "packages/provide-uterm-server/tests/bridge/test_redaction_defaults.py",
        "hashed_secret": "f47d917f79926f3e4b29b22718a9cbb894045a72",
        "is_verified": false,
        "line_number": 33
      },
      {
        "type": "Slack Token",
        "filename": "packages/provide-uterm-server/tests/bridge/test_redaction_defaults.py",
        "hashed_secret": "f47d917f79926f3e4b29b22718a9cbb894045a72",
        "is_verified": false,
        "line_number": 33
      },
      {
        "type": "JSON Web Token",
        "filename": "packages/provide-uterm-server/tests/bridge/test_redaction_defaults.py",
        "hashed_secret": "c381e5e226df232bc544686c6a241be07c55aefd",
        "is_verified": false,
        "line_number": 35
      },
      {
        "type": "Secret Keyword",
        "filename": "packages/provide-uterm-server/tests/bridge/test_redaction_defaults.py",
        "hashed_secret": "f3bbbd66a63d4bf1747940578ec3d0103530e21d",
        "is_verified": false,
        "line_number": 39
      },
      {
        "type": "Base64 High Entropy String",
        "filename": "packages/provide-uterm-server/tests/bridge/test_redaction_defaults.py",
        "hashed_secret": "44cd95fa52f8124a10fd25366f374ec0bc15cee4",
        "is_verified": false,
        "line_number": 43
      },
      {
        "type": "Private Key",
        "filename": "packages/provide-uterm-server/tests/bridge/test_redaction_defaults.py",
        "hashed_secret": "27c6929aef41ae2bcadac15ca6abcaff72cda9cd",
        "is_verified": false,
        "line_number": 57
      }
    ],
    "packages/provide-uterm-server/tests/e2e/observer/test_webhooks_e2e.py": [
      {
        "type": "Secret Keyword",
        "filename": "packages/provide-uterm-server/tests/e2e/observer/test_webhooks_e2e.py",
        "hashed_secret": "088b8314a11bf3d2bca43aadc5a2d60e0f70158c",
        "is_verified": false,
        "line_number": 235
      }
    ],
    "packages/provide-uterm-server/tests/e2e/test_ssh_full_chain.py": [
      {
        "type": "Secret Keyword",
        "filename": "packages/provide-uterm-server/tests/e2e/test_ssh_full_chain.py",
        "hashed_secret": "fe1bae27cb7c1fb823f496f286e78f1d2ae87734",
        "is_verified": false,
        "line_number": 153
      }
    ],
    "packages/provide-uterm-server/tests/e2e/test_ssh_gateway.py": [
      {
        "type": "Secret Keyword",
        "filename": "packages/provide-uterm-server/tests/e2e/test_ssh_gateway.py",
        "hashed_secret": "d8bba58683e577cdd462e2cd1207808e1b01b3cb",
        "is_verified": false,
        "line_number": 101
      }
    ],
    "packages/provide-uterm-server/tests/e2e/test_ssh_gateway_start.py": [
      {
        "type": "Secret Keyword",
        "filename": "packages/provide-uterm-server/tests/e2e/test_ssh_gateway_start.py",
        "hashed_secret": "8867c88b56e0bfb82cffaf15a66bc8d107d6754a",
        "is_verified": false,
        "line_number": 105
      }
    ],
    "packages/provide-uterm-server/tests/e2e/test_ssh_resolver_e2e.py": [
      {
        "type": "Secret Keyword",
        "filename": "packages/provide-uterm-server/tests/e2e/test_ssh_resolver_e2e.py",
        "hashed_secret": "8867c88b56e0bfb82cffaf15a66bc8d107d6754a",
        "is_verified": false,
        "line_number": 147
      }
    ],
    "packages/provide-uterm-server/tests/server/test_api_profiles.py": [
      {
        "type": "Secret Keyword",
        "filename": "packages/provide-uterm-server/tests/server/test_api_profiles.py",
        "hashed_secret": "25ab86bed149ca6ca9c1c0d5db7c9a91388ddeab",
        "is_verified": false,
        "line_number": 189
      }
    ],
    "packages/provide-uterm-server/tests/server/test_app_part2.py": [
      {
        "type": "Secret Keyword",
        "filename": "packages/provide-uterm-server/tests/server/test_app_part2.py",
        "hashed_secret": "088b8314a11bf3d2bca43aadc5a2d60e0f70158c",
        "is_verified": false,
        "line_number": 263
      }
    ],
    "packages/provide-uterm-server/tests/server/test_app_validation.py": [
      {
        "type": "Private Key",
        "filename": "packages/provide-uterm-server/tests/server/test_app_validation.py",
        "hashed_secret": "1348b145fa1a555461c1b790a2f66614781091e9",
        "is_verified": false,
        "line_number": 412
      }
    ],
    "packages/provide-uterm-server/tests/server/test_audit_chain.py": [
      {
        "type": "Hex High Entropy String",
        "filename": "packages/provide-uterm-server/tests/server/test_audit_chain.py",
        "hashed_secret": "ee662f2bc691daa48d074542722d8e1b0587673c",
        "is_verified": false,
        "line_number": 126
      }
    ],
    "packages/provide-uterm-server/tests/server/test_auth_part2.py": [
      {
        "type": "Secret Keyword",
        "filename": "packages/provide-uterm-server/tests/server/test_auth_part2.py",
        "hashed_secret": "10797dadcfe91a7717765eb4de5d72523c07c57b",
        "is_verified": false,
        "line_number": 300
      }
    ],
    "packages/provide-uterm-server/tests/server/test_config.py": [
      {
        "type": "Secret Keyword",
        "filename": "packages/provide-uterm-server/tests/server/test_config.py",
        "hashed_secret": "e5e9fa1ba31ecd1ae84f75caaa474f3a663f05f4",
        "is_verified": false,
        "line_number": 117
      }
    ],
    "packages/provide-uterm-server/tests/server/test_connectors_2.py": [
      {
        "type": "Secret Keyword",
        "filename": "packages/provide-uterm-server/tests/server/test_connectors_2.py",
        "hashed_secret": "73d3680b642306dff19cfcad4bc69f3b84af5891",
        "is_verified": false,
        "line_number": 264
      }
    ],
    "packages/provide-uterm-server/tests/server/test_factory_coverage.py": [
      {
        "type": "Secret Keyword",
        "filename": "packages/provide-uterm-server/tests/server/test_factory_coverage.py",
        "hashed_secret": "0c731a5f1dc781894b434c27b9f6a9cd9d9bdfcb",
        "is_verified": false,
        "line_number": 30
      }
    ],
    "packages/provide-uterm-server/tests/server/test_webhook_recording.py": [
      {
        "type": "Secret Keyword",
        "filename": "packages/provide-uterm-server/tests/server/test_webhook_recording.py",
        "hashed_secret": "088b8314a11bf3d2bca43aadc5a2d60e0f70158c",
        "is_verified": false,
        "line_number": 17
      }
    ],
    "packages/provide-uterm-server/tests/server/test_webhook_routes.py": [
      {
        "type": "Secret Keyword",
        "filename": "packages/provide-uterm-server/tests/server/test_webhook_routes.py",
        "hashed_secret": "e9fe51f94eadabf54dbf2fbbd57188b9abee436e",
        "is_verified": false,
        "line_number": 73
      }
    ],
    "packages/provide-uterm-server/tests/server/test_webhooks_part1.py": [
      {
        "type": "Secret Keyword",
        "filename": "packages/provide-uterm-server/tests/server/test_webhooks_part1.py",
        "hashed_secret": "e9fe51f94eadabf54dbf2fbbd57188b9abee436e",
        "is_verified": false,
        "line_number": 65
      },
      {
        "type": "Secret Keyword",
        "filename": "packages/provide-uterm-server/tests/server/test_webhooks_part1.py",
        "hashed_secret": "088b8314a11bf3d2bca43aadc5a2d60e0f70158c",
        "is_verified": false,
        "line_number": 198
      }
    ],
    "packages/provide-uterm-server/tests/server/test_webhooks_part2.py": [
      {
        "type": "Secret Keyword",
        "filename": "packages/provide-uterm-server/tests/server/test_webhooks_part2.py",
        "hashed_secret": "e9fe51f94eadabf54dbf2fbbd57188b9abee436e",
        "is_verified": false,
        "line_number": 65
      },
      {
        "type": "Secret Keyword",
        "filename": "packages/provide-uterm-server/tests/server/test_webhooks_part2.py",
        "hashed_secret": "088b8314a11bf3d2bca43aadc5a2d60e0f70158c",
        "is_verified": false,
        "line_number": 198
      }
    ],
    "packages/provide-uterm-server/tests/server/test_webhooks_part3.py": [
      {
        "type": "Secret Keyword",
        "filename": "packages/provide-uterm-server/tests/server/test_webhooks_part3.py",
        "hashed_secret": "e9fe51f94eadabf54dbf2fbbd57188b9abee436e",
        "is_verified": false,
        "line_number": 65
      },
      {
        "type": "Secret Keyword",
        "filename": "packages/provide-uterm-server/tests/server/test_webhooks_part3.py",
        "hashed_secret": "088b8314a11bf3d2bca43aadc5a2d60e0f70158c",
        "is_verified": false,
        "line_number": 198
      }
    ],
    "packages/provide-uterm-server/tests/server/test_webhooks_part4.py": [
      {
        "type": "Secret Keyword",
        "filename": "packages/provide-uterm-server/tests/server/test_webhooks_part4.py",
        "hashed_secret": "e9fe51f94eadabf54dbf2fbbd57188b9abee436e",
        "is_verified": false,
        "line_number": 65
      },
      {
        "type": "Secret Keyword",
        "filename": "packages/provide-uterm-server/tests/server/test_webhooks_part4.py",
        "hashed_secret": "088b8314a11bf3d2bca43aadc5a2d60e0f70158c",
        "is_verified": false,
        "line_number": 198
      }
    ],
    "packages/provide-uterm-server/tests/server/test_webhooks_part5.py": [
      {
        "type": "Secret Keyword",
        "filename": "packages/provide-uterm-server/tests/server/test_webhooks_part5.py",
        "hashed_secret": "e9fe51f94eadabf54dbf2fbbd57188b9abee436e",
        "is_verified": false,
        "line_number": 65
      },
      {
        "type": "Secret Keyword",
        "filename": "packages/provide-uterm-server/tests/server/test_webhooks_part5.py",
        "hashed_secret": "088b8314a11bf3d2bca43aadc5a2d60e0f70158c",
        "is_verified": false,
        "line_number": 198
      }
    ],
    "packages/provide-uterm-server/tests/server/test_webhooks_part6.py": [
      {
        "type": "Secret Keyword",
        "filename": "packages/provide-uterm-server/tests/server/test_webhooks_part6.py",
        "hashed_secret": "e9fe51f94eadabf54dbf2fbbd57188b9abee436e",
        "is_verified": false,
        "line_number": 65
      },
      {
        "type": "Secret Keyword",
        "filename": "packages/provide-uterm-server/tests/server/test_webhooks_part6.py",
        "hashed_secret": "088b8314a11bf3d2bca43aadc5a2d60e0f70158c",
        "is_verified": false,
        "line_number": 198
      }
    ],
    "packages/provide-uterm-server/tests/server/test_webhooks_part7.py": [
      {
        "type": "Secret Keyword",
        "filename": "packages/provide-uterm-server/tests/server/test_webhooks_part7.py",
        "hashed_secret": "e9fe51f94eadabf54dbf2fbbd57188b9abee436e",
        "is_verified": false,
        "line_number": 65
      },
      {
        "type": "Secret Keyword",
        "filename": "packages/provide-uterm-server/tests/server/test_webhooks_part7.py",
        "hashed_secret": "088b8314a11bf3d2bca43aadc5a2d60e0f70158c",
        "is_verified": false,
        "line_number": 198
      }
    ],
    "packages/provide-uterm/scripts/memray_webhook_stress.py": [
      {
        "type": "Secret Keyword",
        "filename": "packages/provide-uterm/scripts/memray_webhook_stress.py",
        "hashed_secret": "fef341f85d87439e7d91a2d465b9871ef66b5e98",
        "is_verified": false,
        "line_number": 70
      }
    ],
    "packages/provide-uterm/tests/deckmux/test_identity.py": [
      {
        "type": "Secret Keyword",
        "filename": "packages/provide-uterm/tests/deckmux/test_identity.py",
        "hashed_secret": "5c5a15a8b0b3e154d77746945e563ba40100681b",
        "is_verified": false,
        "line_number": 101
      }
    ],
    "packages/provide-uterm/tests/detection/test_saver.py": [
      {
        "type": "Hex High Entropy String",
        "filename": "packages/provide-uterm/tests/detection/test_saver.py",
        "hashed_secret": "90bd1b48e958257948487b90bee080ba5ed00caa",
        "is_verified": false,
        "line_number": 37
      }
    ],
    "packages/provide-uterm/tests/e2e/observer/test_webhooks_e2e.py": [
      {
        "type": "Secret Keyword",
        "filename": "packages/provide-uterm/tests/e2e/observer/test_webhooks_e2e.py",
        "hashed_secret": "631a0d6c3813ee3a11e19b0a37a10ad75bbe8a0c",
        "is_verified": false,
        "line_number": 225
      }
    ],
    "packages/provide-uterm/tests/e2e/test_annotation_e2e.py": [
      {
        "type": "AWS Access Key",
        "filename": "packages/provide-uterm/tests/e2e/test_annotation_e2e.py",
        "hashed_secret": "25910f981e85ca04baf359199dd0bd4a3ae738b6",
        "is_verified": false,
        "line_number": 151
      }
    ],
    "packages/provide-uterm/tests/shell/test_shell_sandbox.py": [
      {
        "type": "Hex High Entropy String",
        "filename": "packages/provide-uterm/tests/shell/test_shell_sandbox.py",
        "hashed_secret": "31ab0048996745154117ae77c35c87c38bb4dfef",
        "is_verified": false,
        "line_number": 137
      }
    ],
    "packages/provide-uterm/tests/test_auth_authorized_keys.py": [
      {
        "type": "Base64 High Entropy String",
        "filename": "packages/provide-uterm/tests/test_auth_authorized_keys.py",
        "hashed_secret": "56970b4e9abe4ba3b265e3f85f53b1e54179c89e",
        "is_verified": false,
        "line_number": 26
      }
    ],
    "packages/provide-uterm/tests/test_auth_resolver.py": [
      {
        "type": "Base64 High Entropy String",
        "filename": "packages/provide-uterm/tests/test_auth_resolver.py",
        "hashed_secret": "56970b4e9abe4ba3b265e3f85f53b1e54179c89e",
        "is_verified": false,
        "line_number": 24
      }
    ],
    "packages/provide-uterm/tests/test_io_mutations.py": [
      {
        "type": "Hex High Entropy String",
        "filename": "packages/provide-uterm/tests/test_io_mutations.py",
        "hashed_secret": "e8e6c2284ab5bee4de2ee53880c8fc2a4728d3e8",
        "is_verified": false,
        "line_number": 216
      }
    ],
    "scripts/deckmux_demo_server.py": [
      {
        "type": "Secret Keyword",
        "filename": "scripts/deckmux_demo_server.py",
        "hashed_secret": "89e495e7941cf9e40e6980d14a16bf023ccd4c91",
        "is_verified": false,
        "line_number": 64
      }
    ],
    "scripts/demos/record_annotation.py": [
      {
        "type": "AWS Access Key",
        "filename": "scripts/demos/record_annotation.py",
        "hashed_secret": "25910f981e85ca04baf359199dd0bd4a3ae738b6",
        "is_verified": false,
        "line_number": 74
      }
    ],
    "scripts/uterm-server.example.toml": [
      {
        "type": "Secret Keyword",
        "filename": "scripts/uterm-server.example.toml",
        "hashed_secret": "9cb0dc5383312aa15b9dc6745645bde18ff5ade9",
        "is_verified": false,
        "line_number": 54
      },
      {
        "type": "Private Key",
        "filename": "scripts/uterm-server.example.toml",
        "hashed_secret": "27c6929aef41ae2bcadac15ca6abcaff72cda9cd",
        "is_verified": false,
        "line_number": 56
      }
    ],
    "scripts/uterm-server.jwt.example.toml": [
      {
        "type": "Secret Keyword",
        "filename": "scripts/uterm-server.jwt.example.toml",
        "hashed_secret": "9cb0dc5383312aa15b9dc6745645bde18ff5ade9",
        "is_verified": false,
        "line_number": 68
      },
      {
        "type": "Private Key",
        "filename": "scripts/uterm-server.jwt.example.toml",
        "hashed_secret": "27c6929aef41ae2bcadac15ca6abcaff72cda9cd",
        "is_verified": false,
        "line_number": 70
      }
    ]
  },
  "generated_at": "2026-06-14T16:24:46Z"
}
