evidence=/Volumes/data/pyv/provide-uterm/demo/vnc-lab
demo_url=http://host.docker.internal:56308/_terminal/terminal.html?worker_id=provide-shell&role=browser
server_ready=http://127.0.0.1:56308
shell_connected=True
acquire_provide-shell=49e63de9-f07d-4533-86b7-ac9915cc0e52
shell_lease=49e63de9-f07d-4533-86b7-ac9915cc0e52
seed_ok
lab_plain=25900 lab_tls=25901
lab_rfb=ok
chrome_args='/usr/lib/chromium/chromium --show-component-extension-options --enable-gpu-rasterization --no-default-browser-check --disable-pings --media-router=0 --disable-dev-shm-usage --enable-remote-extensions --load-extension= http://host.docker.internal:56308/_terminal/terminal.html?worker_id=provide-shell&role=browser --no-sandbox --test-type --disable-gpu --disable-gpu-compositing --disable-dev-shm-usage --no-first-run --no-default-browser-check --disable-session-crashed-bubble --disable-infobars --hi'
chrome_on_text_demo=ok
host_terminal_buffer='[Provide Shell Demo (provide-shell)]\n------------------------------------------------------------\nMode: Exclusive hijack\nControl: Paused for hijack\nHelp: /help /mode open|hijack /clear /nick /say /status /shell /reset\nMessage appended.\nTran'
host_terminal_paint=ok
vnc_hijack=8058d569-2d17-44b7-8842-d53f2084ee92
vnc_page=http://127.0.0.1:56308/_terminal/vnc.html?worker_id=vnc-shell&hijack_id=8058d569-2d17-44b7-8842-d53f2084ee92&target_id=lab-vnc-plain
canvas_fp0=1280x720:4e9fddf0:10,10,10;10,10,10;10,10,10;10,10,10
chapter_1_refresh=ok
chapter_1_ok fp_changed=True
chapter_2_refresh=ok
chapter_2_ok fp_changed=True
chapter_3_refresh=ok
chapter_3_ok fp_changed=True
chapter_4_refresh=ok
chapter_4_ok fp_changed=True
canvas_fp_unique=6/7
live_canvas_motion=ok
video=/Volumes/data/pyv/provide-uterm/demo/vnc-lab/uterm-vnc-text-demos.webm
full_png=/Volumes/data/pyv/provide-uterm/demo/vnc-lab/screenshots/uterm-vnc-text-demos-full.png
desktop_png=/Volumes/data/pyv/provide-uterm/demo/vnc-lab/screenshots/uterm-vnc-text-demos-desktop.png
published=demo/vnc-lab/
video_proof=ok
